2026-05-07 15:17:02,988 - AstraLog-Main - INFO - Initializing AstraLog-HPC...
2026-05-07 15:17:02,989 - src.orchestrator - INFO - AstraLog-HPC Orchestrator Started
2026-05-07 15:17:02,990 - src.orchestrator - WARNING - Requested batch_size (10000) splits timestamps. Auto-adjusting to safe multiple: 9996
2026-05-07 15:17:02,990 - src.orchestrator - INFO - Configuration loaded -> Batch Size: 9996 | Input: csv_input/export_sat_alpha_custom.csv | Output: output
2026-05-07 15:17:02,994 - src.reader - INFO - CSVTelemetryReader initialized successfully. Target file: csv_input/export_sat_alpha_custom.csv
2026-05-07 15:17:02,995 - src.writer - INFO - Output Writer initialized. Target directory: output (Clean Start: True)
2026-05-07 15:17:03,019 - src.orchestrator - INFO - Processing Batch #1 | Rows: 9939 | Alarms Found: 4016
2026-05-07 15:17:03,047 - src.orchestrator - INFO - Processing Batch #2 | Rows: 9945 | Alarms Found: 4000
2026-05-07 15:17:03,076 - src.orchestrator - INFO - Processing Batch #3 | Rows: 9951 | Alarms Found: 4029
2026-05-07 15:17:03,104 - src.orchestrator - INFO - Processing Batch #4 | Rows: 9949 | Alarms Found: 4197
2026-05-07 15:17:03,132 - src.orchestrator - INFO - Processing Batch #5 | Rows: 9942 | Alarms Found: 4105
2026-05-07 15:17:03,160 - src.orchestrator - INFO - Processing Batch #6 | Rows: 9945 | Alarms Found: 4104
2026-05-07 15:17:03,189 - src.orchestrator - INFO - Processing Batch #7 | Rows: 9949 | Alarms Found: 4078
2026-05-07 15:17:03,218 - src.orchestrator - INFO - Processing Batch #8 | Rows: 9956 | Alarms Found: 4079
2026-05-07 15:17:03,246 - src.orchestrator - INFO - Processing Batch #9 | Rows: 9955 | Alarms Found: 4160
2026-05-07 15:17:03,275 - src.orchestrator - INFO - Processing Batch #10 | Rows: 9941 | Alarms Found: 4089
2026-05-07 15:17:03,303 - src.orchestrator - INFO - Processing Batch #11 | Rows: 9945 | Alarms Found: 4079
2026-05-07 15:17:03,332 - src.orchestrator - INFO - Processing Batch #12 | Rows: 9944 | Alarms Found: 4054
2026-05-07 15:17:03,361 - src.orchestrator - INFO - Processing Batch #13 | Rows: 9960 | Alarms Found: 4055
2026-05-07 15:17:03,389 - src.orchestrator - INFO - Processing Batch #14 | Rows: 9952 | Alarms Found: 4015
2026-05-07 15:17:03,418 - src.orchestrator - INFO - Processing Batch #15 | Rows: 9943 | Alarms Found: 4024
2026-05-07 15:17:03,446 - src.orchestrator - INFO - Processing Batch #16 | Rows: 9950 | Alarms Found: 4071
2026-05-07 15:17:03,475 - src.orchestrator - INFO - Processing Batch #17 | Rows: 9945 | Alarms Found: 4107
2026-05-07 15:17:03,503 - src.orchestrator - INFO - Processing Batch #18 | Rows: 9937 | Alarms Found: 4054
2026-05-07 15:17:03,531 - src.orchestrator - INFO - Processing Batch #19 | Rows: 9948 | Alarms Found: 4129
2026-05-07 15:17:03,560 - src.orchestrator - INFO - Processing Batch #20 | Rows: 9955 | Alarms Found: 4062
2026-05-07 15:17:03,589 - src.orchestrator - INFO - Processing Batch #21 | Rows: 9952 | Alarms Found: 4023
2026-05-07 15:17:03,618 - src.orchestrator - INFO - Processing Batch #22 | Rows: 9930 | Alarms Found: 4124
2026-05-07 15:17:03,647 - src.orchestrator - INFO - Processing Batch #23 | Rows: 9940 | Alarms Found: 4089
2026-05-07 15:17:03,676 - src.orchestrator - INFO - Processing Batch #24 | Rows: 9962 | Alarms Found: 4070
2026-05-07 15:17:03,706 - src.orchestrator - INFO - Processing Batch #25 | Rows: 9953 | Alarms Found: 4008
2026-05-07 15:17:03,740 - src.orchestrator - INFO - Processing Batch #26 | Rows: 9952 | Alarms Found: 4069
2026-05-07 15:17:03,776 - src.orchestrator - INFO - Processing Batch #27 | Rows: 9953 | Alarms Found: 4033
2026-05-07 15:17:03,811 - src.orchestrator - INFO - Processing Batch #28 | Rows: 9941 | Alarms Found: 4164
2026-05-07 15:17:03,846 - src.orchestrator - INFO - Processing Batch #29 | Rows: 9940 | Alarms Found: 4116
2026-05-07 15:17:03,877 - src.orchestrator - INFO - Processing Batch #30 | Rows: 9936 | Alarms Found: 4085
2026-05-07 15:17:03,908 - src.orchestrator - INFO - Processing Batch #31 | Rows: 9936 | Alarms Found: 4084
2026-05-07 15:17:03,939 - src.orchestrator - INFO - Processing Batch #32 | Rows: 9943 | Alarms Found: 4060
2026-05-07 15:17:03,971 - src.orchestrator - INFO - Processing Batch #33 | Rows: 9948 | Alarms Found: 4094
2026-05-07 15:17:04,001 - src.orchestrator - INFO - Processing Batch #34 | Rows: 9944 | Alarms Found: 4062
2026-05-07 15:17:04,031 - src.orchestrator - INFO - Processing Batch #35 | Rows: 9946 | Alarms Found: 4051
2026-05-07 15:17:04,062 - src.orchestrator - INFO - Processing Batch #36 | Rows: 9952 | Alarms Found: 4067
2026-05-07 15:17:04,095 - src.orchestrator - INFO - Processing Batch #37 | Rows: 9947 | Alarms Found: 4131
2026-05-07 15:17:04,127 - src.orchestrator - INFO - Processing Batch #38 | Rows: 9949 | Alarms Found: 4029
2026-05-07 15:17:04,158 - src.orchestrator - INFO - Processing Batch #39 | Rows: 9946 | Alarms Found: 4076
2026-05-07 15:17:04,189 - src.orchestrator - INFO - Processing Batch #40 | Rows: 9941 | Alarms Found: 4105
2026-05-07 15:17:04,220 - src.orchestrator - INFO - Processing Batch #41 | Rows: 9946 | Alarms Found: 4015
2026-05-07 15:17:04,251 - src.orchestrator - INFO - Processing Batch #42 | Rows: 9947 | Alarms Found: 4040
2026-05-07 15:17:04,289 - src.orchestrator - INFO - Processing Batch #43 | Rows: 9945 | Alarms Found: 4052
2026-05-07 15:17:04,327 - src.orchestrator - INFO - Processing Batch #44 | Rows: 9942 | Alarms Found: 4145
2026-05-07 15:17:04,358 - src.orchestrator - INFO - Processing Batch #45 | Rows: 9946 | Alarms Found: 4046
2026-05-07 15:17:04,388 - src.orchestrator - INFO - Processing Batch #46 | Rows: 9940 | Alarms Found: 4088
2026-05-07 15:17:04,418 - src.orchestrator - INFO - Processing Batch #47 | Rows: 9951 | Alarms Found: 4047
2026-05-07 15:17:04,447 - src.orchestrator - INFO - Processing Batch #48 | Rows: 9942 | Alarms Found: 4000
2026-05-07 15:17:04,480 - src.orchestrator - INFO - Processing Batch #49 | Rows: 9942 | Alarms Found: 4086
2026-05-07 15:17:04,512 - src.orchestrator - INFO - Processing Batch #50 | Rows: 9938 | Alarms Found: 4095
2026-05-07 15:17:04,542 - src.orchestrator - INFO - Processing Batch #51 | Rows: 9943 | Alarms Found: 4113
2026-05-07 15:17:04,572 - src.orchestrator - INFO - Processing Batch #52 | Rows: 9950 | Alarms Found: 4089
2026-05-07 15:17:04,601 - src.orchestrator - INFO - Processing Batch #53 | Rows: 9943 | Alarms Found: 4106
2026-05-07 15:17:04,630 - src.orchestrator - INFO - Processing Batch #54 | Rows: 9962 | Alarms Found: 4106
2026-05-07 15:17:04,659 - src.orchestrator - INFO - Processing Batch #55 | Rows: 9948 | Alarms Found: 4138
2026-05-07 15:17:04,689 - src.orchestrator - INFO - Processing Batch #56 | Rows: 9941 | Alarms Found: 4073
2026-05-07 15:17:04,718 - src.orchestrator - INFO - Processing Batch #57 | Rows: 9942 | Alarms Found: 4052
2026-05-07 15:17:04,747 - src.orchestrator - INFO - Processing Batch #58 | Rows: 9937 | Alarms Found: 4071
2026-05-07 15:17:04,778 - src.orchestrator - INFO - Processing Batch #59 | Rows: 9946 | Alarms Found: 4033
2026-05-07 15:17:04,811 - src.orchestrator - INFO - Processing Batch #60 | Rows: 9947 | Alarms Found: 4057
2026-05-07 15:17:04,842 - src.orchestrator - INFO - Processing Batch #61 | Rows: 9946 | Alarms Found: 4008
2026-05-07 15:17:04,871 - src.orchestrator - INFO - Processing Batch #62 | Rows: 9949 | Alarms Found: 4069
2026-05-07 15:17:04,900 - src.orchestrator - INFO - Processing Batch #63 | Rows: 9955 | Alarms Found: 4043
2026-05-07 15:17:04,930 - src.orchestrator - INFO - Processing Batch #64 | Rows: 9934 | Alarms Found: 4044
2026-05-07 15:17:04,959 - src.orchestrator - INFO - Processing Batch #65 | Rows: 9946 | Alarms Found: 4063
2026-05-07 15:17:04,988 - src.orchestrator - INFO - Processing Batch #66 | Rows: 9941 | Alarms Found: 4067
2026-05-07 15:17:05,018 - src.orchestrator - INFO - Processing Batch #67 | Rows: 9953 | Alarms Found: 4100
2026-05-07 15:17:05,046 - src.orchestrator - INFO - Processing Batch #68 | Rows: 9947 | Alarms Found: 4005
2026-05-07 15:17:05,075 - src.orchestrator - INFO - Processing Batch #69 | Rows: 9948 | Alarms Found: 4043
2026-05-07 15:17:05,106 - src.orchestrator - INFO - Processing Batch #70 | Rows: 9941 | Alarms Found: 4050
2026-05-07 15:17:05,139 - src.orchestrator - INFO - Processing Batch #71 | Rows: 9941 | Alarms Found: 4123
2026-05-07 15:17:05,172 - src.orchestrator - INFO - Processing Batch #72 | Rows: 9940 | Alarms Found: 4112
2026-05-07 15:17:05,228 - src.orchestrator - INFO - Processing Batch #73 | Rows: 9958 | Alarms Found: 4189
2026-05-07 15:17:05,262 - src.orchestrator - INFO - Processing Batch #74 | Rows: 9946 | Alarms Found: 4098
2026-05-07 15:17:05,292 - src.orchestrator - INFO - Processing Batch #75 | Rows: 9945 | Alarms Found: 4108
2026-05-07 15:17:05,324 - src.orchestrator - INFO - Processing Batch #76 | Rows: 9941 | Alarms Found: 4059
2026-05-07 15:17:05,355 - src.orchestrator - INFO - Processing Batch #77 | Rows: 9957 | Alarms Found: 4049
2026-05-07 15:17:05,389 - src.orchestrator - INFO - Processing Batch #78 | Rows: 9942 | Alarms Found: 4058
2026-05-07 15:17:05,421 - src.orchestrator - INFO - Processing Batch #79 | Rows: 9938 | Alarms Found: 4082
2026-05-07 15:17:05,450 - src.orchestrator - INFO - Processing Batch #80 | Rows: 9944 | Alarms Found: 4082
2026-05-07 15:17:05,480 - src.orchestrator - INFO - Processing Batch #81 | Rows: 9948 | Alarms Found: 4042
2026-05-07 15:17:05,510 - src.orchestrator - INFO - Processing Batch #82 | Rows: 9936 | Alarms Found: 4069
2026-05-07 15:17:05,539 - src.orchestrator - INFO - Processing Batch #83 | Rows: 9941 | Alarms Found: 4124
2026-05-07 15:17:05,574 - src.orchestrator - INFO - Processing Batch #84 | Rows: 9940 | Alarms Found: 4091
2026-05-07 15:17:05,602 - src.orchestrator - INFO - Processing Batch #85 | Rows: 9943 | Alarms Found: 4086
2026-05-07 15:17:05,631 - src.orchestrator - INFO - Processing Batch #86 | Rows: 9953 | Alarms Found: 4097
2026-05-07 15:17:05,660 - src.orchestrator - INFO - Processing Batch #87 | Rows: 9958 | Alarms Found: 4095
2026-05-07 15:17:05,689 - src.orchestrator - INFO - Processing Batch #88 | Rows: 9950 | Alarms Found: 4121
2026-05-07 15:17:05,718 - src.orchestrator - INFO - Processing Batch #89 | Rows: 9952 | Alarms Found: 4063
2026-05-07 15:17:05,748 - src.orchestrator - INFO - Processing Batch #90 | Rows: 9938 | Alarms Found: 4134
2026-05-07 15:17:05,777 - src.orchestrator - INFO - Processing Batch #91 | Rows: 9949 | Alarms Found: 4028
2026-05-07 15:17:05,806 - src.orchestrator - INFO - Processing Batch #92 | Rows: 9959 | Alarms Found: 4084
2026-05-07 15:17:05,834 - src.orchestrator - INFO - Processing Batch #93 | Rows: 9951 | Alarms Found: 4045
2026-05-07 15:17:05,863 - src.orchestrator - INFO - Processing Batch #94 | Rows: 9944 | Alarms Found: 3989
2026-05-07 15:17:05,892 - src.orchestrator - INFO - Processing Batch #95 | Rows: 9947 | Alarms Found: 4084
2026-05-07 15:17:05,921 - src.orchestrator - INFO - Processing Batch #96 | Rows: 9940 | Alarms Found: 4011
2026-05-07 15:17:05,950 - src.orchestrator - INFO - Processing Batch #97 | Rows: 9949 | Alarms Found: 4060
2026-05-07 15:17:05,979 - src.orchestrator - INFO - Processing Batch #98 | Rows: 9944 | Alarms Found: 4135
2026-05-07 15:17:06,009 - src.orchestrator - INFO - Processing Batch #99 | Rows: 9947 | Alarms Found: 4083
2026-05-07 15:17:06,038 - src.orchestrator - INFO - Processing Batch #100 | Rows: 9939 | Alarms Found: 4124
2026-05-07 15:17:06,053 - src.orchestrator - INFO - Processing Batch #101 | Rows: 409 | Alarms Found: 166
2026-05-07 15:17:06,055 - src.reader - INFO - End of CSV telemetry stream reached. No more data to extract.
2026-05-07 15:17:06,055 - src.orchestrator - INFO - EOF reached. No more telemetry to process.
2026-05-07 15:17:06,055 - src.orchestrator - INFO - AstraLog-HPC Orchestrator Finished
2026-05-07 15:17:06,055 - src.orchestrator - INFO - Total batches processed: 101 | Total alarms detected: 407682
2026-05-07 15:17:06,055 - AstraLog-Main - INFO - Total Execution Time: 3.0672 seconds
